Copyright 1986-2018 Xilinx, Inc. All Rights Reserved.
------------------------------------------------------------------------------------
| Tool Version : Vivado v.2018.3 (win64) Build 2405991 Thu Dec  6 23:38:27 MST 2018
| Date         : Mon Feb 17 13:40:43 2020
| Host         : tongplw running 64-bit major release  (build 9200)
| Command      : report_control_sets -verbose -file system_control_sets_placed.rpt
| Design       : system
| Device       : xc7a35t
------------------------------------------------------------------------------------

Control Set Information

Table of Contents
-----------------
1. Summary
2. Histogram
3. Flip-Flop Distribution
4. Detailed Control Set Information

1. Summary
----------

+----------------------------------------------------------+-------+
|                          Status                          | Count |
+----------------------------------------------------------+-------+
| Number of unique control sets                            |    28 |
| Unused register locations in slices containing registers |   195 |
+----------------------------------------------------------+-------+


2. Histogram
------------

+--------+--------------+
| Fanout | Control Sets |
+--------+--------------+
|      1 |           26 |
|      2 |            1 |
|    16+ |            1 |
+--------+--------------+


3. Flip-Flop Distribution
-------------------------

+--------------+-----------------------+------------------------+-----------------+--------------+
| Clock Enable | Synchronous Set/Reset | Asynchronous Set/Reset | Total Registers | Total Slices |
+--------------+-----------------------+------------------------+-----------------+--------------+
| No           | No                    | No                     |              53 |           32 |
| No           | No                    | Yes                    |               0 |            0 |
| No           | Yes                   | No                     |               0 |            0 |
| Yes          | No                    | No                     |               8 |            8 |
| Yes          | No                    | Yes                    |               0 |            0 |
| Yes          | Yes                   | No                     |               0 |            0 |
+--------------+-----------------------+------------------------+-----------------+--------------+


4. Detailed Control Set Information
-----------------------------------

+--------------------------------+-----------------------+------------------+------------------+----------------+
|          Clock Signal          |     Enable Signal     | Set/Reset Signal | Slice Load Count | Bel Load Count |
+--------------------------------+-----------------------+------------------+------------------+----------------+
|  clk_IBUF_BUFG                 | spd0/state_i_1__3_n_0 |                  |                1 |              1 |
|  clk_IBUF_BUFG                 | spu0/state_i_1_n_0    |                  |                1 |              1 |
|  clk_IBUF_BUFG                 | spd1/state_i_1__4_n_0 |                  |                1 |              1 |
|  clk_IBUF_BUFG                 | spd3/state_i_1__6_n_0 |                  |                1 |              1 |
|  clk_IBUF_BUFG                 | spd2/state_i_1__5_n_0 |                  |                1 |              1 |
|  clk_IBUF_BUFG                 | spu1/state_i_1__0_n_0 |                  |                1 |              1 |
|  clk_IBUF_BUFG                 | spu2/state_i_1__1_n_0 |                  |                1 |              1 |
|  clk_IBUF_BUFG                 | spu3/state_i_1__2_n_0 |                  |                1 |              1 |
|  genblk1[16].fdiv/clkDiv_reg_0 |                       |                  |                1 |              1 |
|  genblk1[6].fdiv/clkDiv_reg_0  |                       |                  |                1 |              1 |
|  genblk1[17].fdiv/clkDiv       |                       |                  |                1 |              1 |
|  genblk1[4].fdiv/clkDiv_reg_0  |                       |                  |                1 |              1 |
|  genblk1[1].fdiv/clkDiv_reg_0  |                       |                  |                1 |              1 |
|  genblk1[5].fdiv/clkDiv_reg_0  |                       |                  |                1 |              1 |
|  genblk1[2].fdiv/clkDiv_reg_0  |                       |                  |                1 |              1 |
|  genblk1[3].fdiv/clkDiv_reg_0  |                       |                  |                1 |              1 |
|  genblk1[10].fdiv/clkDiv_reg_0 |                       |                  |                1 |              1 |
|  genblk1[11].fdiv/clkDiv_reg_0 |                       |                  |                1 |              1 |
|  genblk1[9].fdiv/clkDiv_reg_0  |                       |                  |                1 |              1 |
|  genblk1[8].fdiv/clkDiv_reg_0  |                       |                  |                1 |              1 |
|  genblk1[7].fdiv/clkDiv_reg_0  |                       |                  |                1 |              1 |
|  genblk1[0].fdiv/clkDiv_reg_0  |                       |                  |                1 |              1 |
|  genblk1[14].fdiv/clkDiv_reg_0 |                       |                  |                1 |              1 |
|  genblk1[12].fdiv/clkDiv_reg_0 |                       |                  |                1 |              1 |
|  genblk1[15].fdiv/clkDiv_reg_0 |                       |                  |                1 |              1 |
|  genblk1[13].fdiv/clkDiv_reg_0 |                       |                  |                1 |              1 |
|  fdivTarget/CLK                |                       |                  |                1 |              2 |
|  clk_IBUF_BUFG                 |                       |                  |               13 |             33 |
+--------------------------------+-----------------------+------------------+------------------+----------------+


